[0.000000] (-) TimerEvent: {}
[0.000550] (-) JobUnselected: {'identifier': 'px4_msgs'}
[0.000675] (-) JobUnselected: {'identifier': 'px4_ros_com'}
[0.000761] (boids) JobQueued: {'identifier': 'boids', 'dependencies': OrderedDict([('px4_msgs', '/home/fourdds/ros2_ws/install/px4_msgs')])}
[0.000802] (boids) JobStarted: {'identifier': 'boids'}
[0.005460] (boids) JobProgress: {'identifier': 'boids', 'progress': 'cmake'}
[0.005815] (boids) JobProgress: {'identifier': 'boids', 'progress': 'build'}
[0.006170] (boids) Command: {'cmd': ['/usr/bin/cmake', '--build', '/home/fourdds/ros2_ws/build/boids', '--', '-j24', '-l24'], 'cwd': '/home/fourdds/ros2_ws/build/boids', 'env': OrderedDict([('LESSOPEN', '| /usr/bin/lesspipe %s'), ('MAIL', '/var/mail/fourdds'), ('USER', 'fourdds'), ('XDG_SESSION_TYPE', 'tty'), ('SHLVL', '2'), ('LD_LIBRARY_PATH', '/home/fourdds/ros2_ws/install/px4_msgs/lib:/home/fourdds/ros2_ws/install/px4_ros_com/lib:/home/fourdds/ros2_ws/install/boids/lib:/usr/lib/x86_64-linux-gnu/gazebo-11/plugins:/opt/ros/humble/opt/rviz_ogre_vendor/lib:/opt/ros/humble/lib/x86_64-linux-gnu:/opt/ros/humble/lib'), ('WT_PROFILE_ID', '{61c54bbd-c2c6-5271-96e7-009a87ff44bf}'), ('MOTD_SHOWN', 'update-motd'), ('HOME', '/home/fourdds'), ('OLDPWD', '/home/fourdds'), ('ROS_PYTHON_VERSION', '3'), ('DBUS_SESSION_BUS_ADDRESS', 'unix:path=/run/user/0/bus'), ('WSL_DISTRO_NAME', '4DDS'), ('DEBUGINFOD_URLS', ''), ('WAYLAND_DISPLAY', 'wayland-0'), ('COLCON_PREFIX_PATH', '/home/fourdds/ros2_ws/install'), ('ROS_DISTRO', 'humble'), ('LOGNAME', 'fourdds'), ('NAME', 'PC-UNIVERSITA'), ('WSL_INTEROP', '/run/WSL/351_interop'), ('PULSE_SERVER', 'unix:/mnt/wslg/PulseServer'), ('_', '/usr/bin/colcon'), ('ROS_VERSION', '2'), ('XDG_SESSION_CLASS', 'user'), ('TERM', 'xterm-256color'), ('XDG_SESSION_ID', 'c1'), ('ROS_LOCALHOST_ONLY', '0'), ('PATH', '/opt/ros/humble/bin:/usr/local/sbin:/usr/local/bin:/usr/sbin:/usr/bin:/sbin:/bin:/usr/games:/usr/local/games:/snap/bin:/opt/nvim-linux64/bin'), ('WT_SESSION', '2a8f469d-fd45-4e31-9c45-0b94040844c1'), ('XDG_RUNTIME_DIR', '/run/user/1000'), ('DISPLAY', ':0'), ('LANG', 'en_US.UTF-8'), ('LS_COLORS', 'rs=0:di=01;34:ln=01;36:mh=00:pi=40;33:so=01;35:do=01;35:bd=40;33;01:cd=40;33;01:or=40;31;01:mi=00:su=37;41:sg=30;43:ca=30;41:tw=30;42:ow=34;42:st=37;44:ex=01;32:*.tar=01;31:*.tgz=01;31:*.arc=01;31:*.arj=01;31:*.taz=01;31:*.lha=01;31:*.lz4=01;31:*.lzh=01;31:*.lzma=01;31:*.tlz=01;31:*.txz=01;31:*.tzo=01;31:*.t7z=01;31:*.zip=01;31:*.z=01;31:*.dz=01;31:*.gz=01;31:*.lrz=01;31:*.lz=01;31:*.lzo=01;31:*.xz=01;31:*.zst=01;31:*.tzst=01;31:*.bz2=01;31:*.bz=01;31:*.tbz=01;31:*.tbz2=01;31:*.tz=01;31:*.deb=01;31:*.rpm=01;31:*.jar=01;31:*.war=01;31:*.ear=01;31:*.sar=01;31:*.rar=01;31:*.alz=01;31:*.ace=01;31:*.zoo=01;31:*.cpio=01;31:*.7z=01;31:*.rz=01;31:*.cab=01;31:*.wim=01;31:*.swm=01;31:*.dwm=01;31:*.esd=01;31:*.jpg=01;35:*.jpeg=01;35:*.mjpg=01;35:*.mjpeg=01;35:*.gif=01;35:*.bmp=01;35:*.pbm=01;35:*.pgm=01;35:*.ppm=01;35:*.tga=01;35:*.xbm=01;35:*.xpm=01;35:*.tif=01;35:*.tiff=01;35:*.png=01;35:*.svg=01;35:*.svgz=01;35:*.mng=01;35:*.pcx=01;35:*.mov=01;35:*.mpg=01;35:*.mpeg=01;35:*.m2v=01;35:*.mkv=01;35:*.webm=01;35:*.webp=01;35:*.ogm=01;35:*.mp4=01;35:*.m4v=01;35:*.mp4v=01;35:*.vob=01;35:*.qt=01;35:*.nuv=01;35:*.wmv=01;35:*.asf=01;35:*.rm=01;35:*.rmvb=01;35:*.flc=01;35:*.avi=01;35:*.fli=01;35:*.flv=01;35:*.gl=01;35:*.dl=01;35:*.xcf=01;35:*.xwd=01;35:*.yuv=01;35:*.cgm=01;35:*.emf=01;35:*.ogv=01;35:*.ogx=01;35:*.aac=00;36:*.au=00;36:*.flac=00;36:*.m4a=00;36:*.mid=00;36:*.midi=00;36:*.mka=00;36:*.mp3=00;36:*.mpc=00;36:*.ogg=00;36:*.ra=00;36:*.wav=00;36:*.oga=00;36:*.opus=00;36:*.spx=00;36:*.xspf=00;36:'), ('AMENT_PREFIX_PATH', '/home/fourdds/ros2_ws/install/px4_ros_com:/home/fourdds/ros2_ws/install/boids:/home/fourdds/ros2_ws/install/px4_msgs:/opt/ros/humble'), ('UXRCE_DDS_SYNCT', '0'), ('SHELL', '/bin/bash'), ('LESSCLOSE', '/usr/bin/lesspipe %s %s'), ('PWD', '/home/fourdds/ros2_ws/build/boids'), ('LC_ALL', 'en_US.UTF-8'), ('XDG_DATA_DIRS', '/usr/local/share:/usr/share:/var/lib/snapd/desktop'), ('PYTHONPATH', '/home/fourdds/ros2_ws/install/boids/local/lib/python3.10/dist-packages:/home/fourdds/ros2_ws/install/px4_ros_com/local/lib/python3.10/dist-packages:/home/fourdds/ros2_ws/install/px4_msgs/local/lib/python3.10/dist-packages:/opt/ros/humble/lib/python3.10/site-packages:/opt/ros/humble/local/lib/python3.10/dist-packages'), ('COLCON', '1'), ('WSL2_GUI_APPS_ENABLED', '1'), ('HOSTTYPE', 'x86_64'), ('CMAKE_PREFIX_PATH', '/home/fourdds/ros2_ws/install/px4_msgs:/home/fourdds/ros2_ws/install/px4_ros_com:/home/fourdds/ros2_ws/install/boids'), ('WSLENV', 'WT_SESSION:WT_PROFILE_ID:')]), 'shell': False}
[0.021536] (boids) StdoutLine: {'line': b'-- Found ament_cmake: 1.3.8 (/opt/ros/humble/share/ament_cmake/cmake)\n'}
[0.093939] (boids) StdoutLine: {'line': b'-- Found builtin_interfaces: 1.2.1 (/opt/ros/humble/share/builtin_interfaces/cmake)\n'}
[0.099491] (-) TimerEvent: {}
[0.106877] (boids) StdoutLine: {'line': b'-- Found rosidl_generator_c: 3.1.5 (/opt/ros/humble/share/rosidl_generator_c/cmake)\n'}
[0.108119] (boids) StdoutLine: {'line': b'-- Found rosidl_adapter: 3.1.5 (/opt/ros/humble/share/rosidl_adapter/cmake)\n'}
[0.111584] (boids) StdoutLine: {'line': b'-- Found rosidl_generator_cpp: 3.1.5 (/opt/ros/humble/share/rosidl_generator_cpp/cmake)\n'}
[0.117369] (boids) StdoutLine: {'line': b'-- Using all available rosidl_typesupport_c: rosidl_typesupport_fastrtps_c;rosidl_typesupport_introspection_c\n'}
[0.126308] (boids) StdoutLine: {'line': b'-- Using all available rosidl_typesupport_cpp: rosidl_typesupport_fastrtps_cpp;rosidl_typesupport_introspection_cpp\n'}
[0.133947] (boids) StdoutLine: {'line': b'-- Found eigen3_cmake_module: 0.1.1 (/opt/ros/humble/share/eigen3_cmake_module/cmake)\n'}
[0.134833] (boids) StdoutLine: {'line': b'-- Found geometry_msgs: 4.2.3 (/opt/ros/humble/share/geometry_msgs/cmake)\n'}
[0.187170] (boids) StdoutLine: {'line': b'-- Found px4_msgs: 2.0.1 (/home/fourdds/ros2_ws/install/px4_msgs/share/px4_msgs/cmake)\n'}
[0.199558] (-) TimerEvent: {}
[0.205152] (boids) StdoutLine: {'line': b'-- Found rclcpp: 16.0.8 (/opt/ros/humble/share/rclcpp/cmake)\n'}
[0.232023] (boids) StdoutLine: {'line': b'-- Found rmw_implementation_cmake: 6.1.1 (/opt/ros/humble/share/rmw_implementation_cmake/cmake)\n'}
[0.232597] (boids) StdoutLine: {'line': b'-- Found rmw_fastrtps_cpp: 6.2.6 (/opt/ros/humble/share/rmw_fastrtps_cpp/cmake)\n'}
[0.294324] (boids) StdoutLine: {'line': b"-- Using RMW implementation 'rmw_fastrtps_cpp' as default\n"}
[0.299642] (-) TimerEvent: {}
[0.367080] (boids) StdoutLine: {'line': b'-- Found sensor_msgs: 4.2.3 (/opt/ros/humble/share/sensor_msgs/cmake)\n'}
[0.399737] (-) TimerEvent: {}
[0.413060] (boids) StdoutLine: {'line': b'-- Found rclpy: 3.3.12 (/opt/ros/humble/share/rclpy/cmake)\n'}
[0.413272] (boids) StdoutLine: {'line': b'-- Found boids: 0.0.0 (/home/fourdds/ros2_ws/install/boids/share/boids/cmake)\n'}
[0.442662] (boids) StdoutLine: {'line': b'-- Found example_interfaces: 0.9.3 (/opt/ros/humble/share/example_interfaces/cmake)\n'}
[0.499809] (-) TimerEvent: {}
[0.532774] (boids) StdoutLine: {'line': b'-- Found rosidl_default_generators: 1.2.0 (/opt/ros/humble/share/rosidl_default_generators/cmake)\n'}
[0.599885] (-) TimerEvent: {}
[0.642264] (boids) StderrLine: {'line': b"Error parsing '/home/fourdds/ros2_ws/src/boids/package.xml':\n"}
[0.669099] (boids) StderrLine: {'line': b'Traceback (most recent call last):\n'}
[0.669296] (boids) StderrLine: {'line': b'  File "/usr/lib/python3/dist-packages/catkin_pkg/package.py", line 610, in parse_package_string\n'}
[0.669330] (boids) StderrLine: {'line': b'    root = dom.parseString(data)\n'}
[0.669355] (boids) StderrLine: {'line': b'  File "/usr/lib/python3.10/xml/dom/minidom.py", line 2000, in parseString\n'}
[0.669952] (boids) StderrLine: {'line': b'    return expatbuilder.parseString(string)\n'}
[0.670095] (boids) StderrLine: {'line': b'  File "/usr/lib/python3.10/xml/dom/expatbuilder.py", line 925, in parseString\n'}
[0.670394] (boids) StderrLine: {'line': b'    return builder.parseString(string)\n'}
[0.670506] (boids) StderrLine: {'line': b'  File "/usr/lib/python3.10/xml/dom/expatbuilder.py", line 223, in parseString\n'}
[0.670637] (boids) StderrLine: {'line': b'    parser.Parse(string, True)\n'}
[0.670669] (boids) StderrLine: {'line': b'xml.parsers.expat.ExpatError: mismatched tag: line 31, column 35\n'}
[0.670693] (boids) StderrLine: {'line': b'\n'}
[0.670716] (boids) StderrLine: {'line': b'During handling of the above exception, another exception occurred:\n'}
[0.670738] (boids) StderrLine: {'line': b'\n'}
[0.670760] (boids) StderrLine: {'line': b'Traceback (most recent call last):\n'}
[0.670782] (boids) StderrLine: {'line': b'  File "/opt/ros/humble/share/ament_cmake_core/cmake/core/package_xml_2_cmake.py", line 150, in <module>\n'}
[0.670804] (boids) StderrLine: {'line': b'    main()\n'}
[0.670826] (boids) StderrLine: {'line': b'  File "/opt/ros/humble/share/ament_cmake_core/cmake/core/package_xml_2_cmake.py", line 53, in main\n'}
[0.670847] (boids) StderrLine: {'line': b'    raise e\n'}
[0.670893] (boids) StderrLine: {'line': b'  File "/opt/ros/humble/share/ament_cmake_core/cmake/core/package_xml_2_cmake.py", line 49, in main\n'}
[0.670917] (boids) StderrLine: {'line': b'    package = parse_package_string(\n'}
[0.670940] (boids) StderrLine: {'line': b'  File "/usr/lib/python3/dist-packages/catkin_pkg/package.py", line 612, in parse_package_string\n'}
[0.670962] (boids) StderrLine: {'line': b"    raise InvalidPackage('The manifest contains invalid XML:\\n%s' % ex, filename)\n"}
[0.670984] (boids) StderrLine: {'line': b"catkin_pkg.package.InvalidPackage: Error(s) in package '/home/fourdds/ros2_ws/src/boids/package.xml':\n"}
[0.671021] (boids) StderrLine: {'line': b'The manifest contains invalid XML:\n'}
[0.671041] (boids) StderrLine: {'line': b'mismatched tag: line 31, column 35\n'}
[0.680411] (boids) StderrLine: {'line': b'\x1b[31mCMake Error at /opt/ros/humble/share/ament_cmake_core/cmake/core/ament_package_xml.cmake:95 (message):\n'}
[0.680589] (boids) StderrLine: {'line': b'  execute_process(/usr/bin/python3\n'}
[0.680621] (boids) StderrLine: {'line': b'  /opt/ros/humble/share/ament_cmake_core/cmake/core/package_xml_2_cmake.py\n'}
[0.680645] (boids) StderrLine: {'line': b'  /home/fourdds/ros2_ws/src/boids/package.xml\n'}
[0.680668] (boids) StderrLine: {'line': b'  /home/fourdds/ros2_ws/build/boids/ament_cmake_core/package.cmake) returned\n'}
[0.680690] (boids) StderrLine: {'line': b'  error code 1\n'}
[0.680737] (boids) StderrLine: {'line': b'Call Stack (most recent call first):\n'}
[0.680782] (boids) StderrLine: {'line': b'  /opt/ros/humble/share/ament_cmake_core/cmake/core/ament_package_xml.cmake:49 (_ament_package_xml)\n'}
[0.680809] (boids) StderrLine: {'line': b'  /opt/ros/humble/share/rosidl_cmake/cmake/rosidl_generate_interfaces.cmake:226 (ament_package_xml)\n'}
[0.680833] (boids) StderrLine: {'line': b'  CMakeLists.txt:35 (rosidl_generate_interfaces)\n'}
[0.680854] (boids) StderrLine: {'line': b'\n'}
[0.680875] (boids) StderrLine: {'line': b'\x1b[0m\n'}
[0.680896] (boids) StdoutLine: {'line': b'-- Configuring incomplete, errors occurred!\n'}
[0.680923] (boids) StdoutLine: {'line': b'See also "/home/fourdds/ros2_ws/build/boids/CMakeFiles/CMakeOutput.log".\n'}
[0.686089] (boids) StderrLine: {'line': b'gmake: *** [Makefile:883: cmake_check_build_system] Error 1\n'}
[0.687417] (boids) CommandEnded: {'returncode': 2}
[0.687635] (boids) JobEnded: {'identifier': 'boids', 'rc': 2}
[0.697903] (-) EventReactorShutdown: {}
